******************************************************************************
                  TI ARM Linker PC v20.2.5                     
******************************************************************************
>> Linked Wed Sep 29 00:14:35 2021

OUTPUT FILE NAME:   <Lab3.out>
ENTRY POINT SYMBOL: "_c_int00_noargs"  address: 000010bd


MEMORY CONFIGURATION

         name            origin    length      used     unused   attr    fill
----------------------  --------  ---------  --------  --------  ----  --------
  FLASH                 00000000   00040000  000011f6  0003ee0a  R  X
  SRAM                  20000000   00008000  00000224  00007ddc  RW X


SEGMENT ALLOCATION MAP

run origin  load origin   length   init length attrs members
----------  ----------- ---------- ----------- ----- -------
00000000    00000000    000011f8   000011f8    r-x
  00000000    00000000    0000026c   0000026c    r-- .intvecs
  0000026c    0000026c    00000f5a   00000f5a    r-x .text
  000011c8    000011c8    00000030   00000030    r-- .cinit
20000000    20000000    00000224   00000000    rw-
  20000000    20000000    00000200   00000000    rw- .stack
  20000200    20000200    0000001c   00000000    rw- .bss
  2000021c    2000021c    00000008   00000000    rw- .data


SECTION ALLOCATION MAP

 output                                  attributes/
section   page    origin      length       input sections
--------  ----  ----------  ----------   ----------------
.intvecs   0    00000000    0000026c     
                  00000000    0000026c     tm4c123gh6pm_startup_ccs.obj (.intvecs)

.text      0    0000026c    00000f5a     
                  0000026c    00000a30     main.obj (.text)
                  00000c9c    00000132     driverlib.lib : gpio.obj (.text:GPIOPadConfigSet)
                  00000dce    00000002     --HOLE-- [fill = 0]
                  00000dd0    000000f4                   : sysctl.obj (.text:SysCtlClockSet)
                  00000ec4    0000009c     rtsv7M4_T_le_v4SPD16_eabi.lib : memcpy_t2.asm.obj (.text)
                  00000f60    0000007a                                   : memset_t2.asm.obj (.text)
                  00000fda    00000068                                   : copy_decompress_lzss.c.obj (.text:decompress:lzss:__TI_decompress_lzss)
                  00001042    00000002     --HOLE-- [fill = 0]
                  00001044    00000044                                   : autoinit.c.obj (.text:__TI_auto_init_nobinit_nopinit:__TI_auto_init_nobinit_nopinit)
                  00001088    00000034     driverlib.lib : sysctl.obj (.text:SysCtlPeripheralEnable)
                  000010bc    00000034     rtsv7M4_T_le_v4SPD16_eabi.lib : boot_cortex_m.c.obj (.text:_c_int00_noargs:_c_int00_noargs)
                  000010f0    0000002a     driverlib.lib : gpio.obj (.text:GPIODirModeSet)
                  0000111a    0000001e     rtsv7M4_T_le_v4SPD16_eabi.lib : strcat.c.obj (.text:strcat)
                  00001138    0000001c                                   : copy_zero_init.c.obj (.text:decompress:ZI:__TI_zero_init_nomemset:__TI_zero_init_nomemset)
                  00001154    00000018     driverlib.lib : gpio.obj (.text:GPIOPinTypeGPIOOutput)
                  0000116c    00000014     rtsv7M4_T_le_v4SPD16_eabi.lib : strlen.c.obj (.text:strlen)
                  00001180    00000012     driverlib.lib : gpio.obj (.text:GPIOPinTypeGPIOInput)
                  00001192    0000000e     rtsv7M4_T_le_v4SPD16_eabi.lib : copy_decompress_none.c.obj (.text:decompress:none:__TI_decompress_none)
                  000011a0    0000000c     tm4c123gh6pm_startup_ccs.obj (.text)
                  000011ac    00000006     driverlib.lib : gpio.obj (.text:GPIOPinRead)
                  000011b2    00000006                   : gpio.obj (.text:GPIOPinWrite)
                  000011b8    00000006                   : sysctl.obj (.text:SysCtlDelay)
                  000011be    00000004     rtsv7M4_T_le_v4SPD16_eabi.lib : pre_init.c.obj (.text:_system_pre_init)
                  000011c2    00000004                                   : exit.c.obj (.text:abort:abort)

.cinit     0    000011c8    00000030     
                  000011c8    0000000c     (__TI_handler_table)
                  000011d4    0000000a     (.cinit..data.load) [load image, compression = lzss]
                  000011de    00000002     --HOLE-- [fill = 0]
                  000011e0    00000008     (.cinit..bss.load) [load image, compression = zero_init]
                  000011e8    00000010     (__TI_cinit_table)

.init_array 
*          0    00000000    00000000     UNINITIALIZED

.bss       0    20000200    0000001c     UNINITIALIZED
                  20000200    00000010     (.common:check)
                  20000210    0000000c     (.common:pwd)

.data      0    2000021c    00000008     UNINITIALIZED
                  2000021c    00000008     main.obj (.data)

.stack     0    20000000    00000200     UNINITIALIZED
                  20000000    00000004     rtsv7M4_T_le_v4SPD16_eabi.lib : boot_cortex_m.c.obj (.stack)
                  20000004    000001fc     --HOLE--

__llvm_prf_cnts 
*          0    20000000    00000000     UNINITIALIZED

MODULE SUMMARY

       Module                         code   ro data   rw data
       ------                         ----   -------   -------
    .\
       main.obj                       2608   0         36     
       tm4c123gh6pm_startup_ccs.obj   12     620       0      
    +--+------------------------------+------+---------+---------+
       Total:                         2620   620       36     
                                                              
    C:/ti/driverlib.lib
       gpio.obj                       402    0         0      
       sysctl.obj                     302    0         0      
    +--+------------------------------+------+---------+---------+
       Total:                         704    0         0      
                                                              
    C:\ti\ccs1040\ccs\tools\compiler\ti-cgt-arm_20.2.5.LTS\lib\rtsv7M4_T_le_v4SPD16_eabi.lib
       memcpy_t2.asm.obj              156    0         0      
       memset_t2.asm.obj              122    0         0      
       copy_decompress_lzss.c.obj     104    0         0      
       autoinit.c.obj                 68     0         0      
       boot_cortex_m.c.obj            52     0         0      
       strcat.c.obj                   30     0         0      
       copy_zero_init.c.obj           28     0         0      
       strlen.c.obj                   20     0         0      
       copy_decompress_none.c.obj     14     0         0      
       exit.c.obj                     4      0         0      
       pre_init.c.obj                 4      0         0      
    +--+------------------------------+------+---------+---------+
       Total:                         602    0         0      
                                                              
       Stack:                         0      0         512    
       Linker Generated:              0      46        0      
    +--+------------------------------+------+---------+---------+
       Grand Total:                   3926   666       548    


LINKER GENERATED COPY TABLES

__TI_cinit_table @ 000011e8 records: 2, size/record: 8, table size: 16
	.data: load addr=000011d4, load size=0000000a bytes, run addr=2000021c, run size=00000008 bytes, compression=lzss
	.bss: load addr=000011e0, load size=00000008 bytes, run addr=20000200, run size=0000001c bytes, compression=zero_init


LINKER GENERATED HANDLER TABLE

__TI_handler_table @ 000011c8 records: 3, size/record: 4, table size: 12
	index: 0, handler: __TI_decompress_lzss
	index: 1, handler: __TI_decompress_none
	index: 2, handler: __TI_zero_init


GLOBAL SYMBOLS: SORTED ALPHABETICALLY BY Name 

address   name                          
-------   ----                          
000011c3  C$$EXIT                       
000010f1  GPIODirModeSet                
00000c9d  GPIOPadConfigSet              
000011ad  GPIOPinRead                   
00001181  GPIOPinTypeGPIOInput          
00001155  GPIOPinTypeGPIOOutput         
000011b3  GPIOPinWrite                  
00000b39  LCD_command                   
00000ba9  LCD_data                      
00000c6b  LCD_display_message           
00000ae5  LCD_init                      
00000c05  LCD_position                  
000011a1  ResetISR                      
00000dd1  SysCtlClockSet                
000011b9  SysCtlDelay                   
00001089  SysCtlPeripheralEnable        
20000200  __STACK_END                   
00000200  __STACK_SIZE                  
20000200  __STACK_TOP                   
000011e8  __TI_CINIT_Base               
000011f8  __TI_CINIT_Limit              
000011c8  __TI_Handler_Table_Base       
000011d4  __TI_Handler_Table_Limit      
00001045  __TI_auto_init_nobinit_nopinit
00000fdb  __TI_decompress_lzss          
00001193  __TI_decompress_none          
ffffffff  __TI_pprof_out_hndl           
ffffffff  __TI_prof_data_size           
ffffffff  __TI_prof_data_start          
00000000  __TI_static_base__            
00001139  __TI_zero_init_nomemset       
00000f61  __aeabi_memclr                
00000f61  __aeabi_memclr4               
00000f61  __aeabi_memclr8               
00000ec5  __aeabi_memcpy                
00000ec5  __aeabi_memcpy4               
00000ec5  __aeabi_memcpy8               
00000f63  __aeabi_memset                
00000f63  __aeabi_memset4               
00000f63  __aeabi_memset8               
ffffffff  __binit__                     
ffffffff  __c_args__                    
UNDEFED   __mpu_init                    
20000000  __stack                       
20000000  __start___llvm_prf_cnts       
20000000  __stop___llvm_prf_cnts        
000010bd  _c_int00_noargs               
UNDEFED   _system_post_cinit            
000011bf  _system_pre_init              
000011c3  abort                         
ffffffff  binit                         
20000200  check                         
00000a55  delayMs                       
00000aa5  delayUs                       
2000021c  entered                       
00000a19  flushInput                    
00000000  g_pfnVectors                  
00000689  interface                     
0000026d  main                          
00000ec5  memcpy                        
00000f69  memset                        
20000220  page                          
20000210  pwd                           
0000111b  strcat                        
0000116d  strlen                        


GLOBAL SYMBOLS: SORTED BY Symbol Address 

address   name                          
-------   ----                          
00000000  __TI_static_base__            
00000000  g_pfnVectors                  
00000200  __STACK_SIZE                  
0000026d  main                          
00000689  interface                     
00000a19  flushInput                    
00000a55  delayMs                       
00000aa5  delayUs                       
00000ae5  LCD_init                      
00000b39  LCD_command                   
00000ba9  LCD_data                      
00000c05  LCD_position                  
00000c6b  LCD_display_message           
00000c9d  GPIOPadConfigSet              
00000dd1  SysCtlClockSet                
00000ec5  __aeabi_memcpy                
00000ec5  __aeabi_memcpy4               
00000ec5  __aeabi_memcpy8               
00000ec5  memcpy                        
00000f61  __aeabi_memclr                
00000f61  __aeabi_memclr4               
00000f61  __aeabi_memclr8               
00000f63  __aeabi_memset                
00000f63  __aeabi_memset4               
00000f63  __aeabi_memset8               
00000f69  memset                        
00000fdb  __TI_decompress_lzss          
00001045  __TI_auto_init_nobinit_nopinit
00001089  SysCtlPeripheralEnable        
000010bd  _c_int00_noargs               
000010f1  GPIODirModeSet                
0000111b  strcat                        
00001139  __TI_zero_init_nomemset       
00001155  GPIOPinTypeGPIOOutput         
0000116d  strlen                        
00001181  GPIOPinTypeGPIOInput          
00001193  __TI_decompress_none          
000011a1  ResetISR                      
000011ad  GPIOPinRead                   
000011b3  GPIOPinWrite                  
000011b9  SysCtlDelay                   
000011bf  _system_pre_init              
000011c3  C$$EXIT                       
000011c3  abort                         
000011c8  __TI_Handler_Table_Base       
000011d4  __TI_Handler_Table_Limit      
000011e8  __TI_CINIT_Base               
000011f8  __TI_CINIT_Limit              
20000000  __stack                       
20000000  __start___llvm_prf_cnts       
20000000  __stop___llvm_prf_cnts        
20000200  __STACK_END                   
20000200  __STACK_TOP                   
20000200  check                         
20000210  pwd                           
2000021c  entered                       
20000220  page                          
ffffffff  __TI_pprof_out_hndl           
ffffffff  __TI_prof_data_size           
ffffffff  __TI_prof_data_start          
ffffffff  __binit__                     
ffffffff  __c_args__                    
ffffffff  binit                         
UNDEFED   __mpu_init                    
UNDEFED   _system_post_cinit            

[65 symbols]
