******************************************************************************
                  TI ARM Linker PC v20.2.5                     
******************************************************************************
>> Linked Sat Oct 23 16:05:00 2021

OUTPUT FILE NAME:   <Lab6.out>
ENTRY POINT SYMBOL: "_c_int00_noargs"  address: 000009f1


MEMORY CONFIGURATION

         name            origin    length      used     unused   attr    fill
----------------------  --------  ---------  --------  --------  ----  --------
  FLASH                 00000000   00040000  00000cfa  0003f306  R  X
  SRAM                  20000000   00008000  00000210  00007df0  RW X


SEGMENT ALLOCATION MAP

run origin  load origin   length   init length attrs members
----------  ----------- ---------- ----------- ----- -------
00000000    00000000    00000d00   00000d00    r-x
  00000000    00000000    0000026c   0000026c    r-- .intvecs
  0000026c    0000026c    000008f2   000008f2    r-x .text
  00000b60    00000b60    0000016c   0000016c    r-- .const
  00000cd0    00000cd0    00000030   00000030    r-- .cinit
20000000    20000000    00000210   00000000    rw-
  20000000    20000000    00000200   00000000    rw- .stack
  20000200    20000200    0000000c   00000000    rw- .data
  2000020c    2000020c    00000004   00000000    rw- .bss


SECTION ALLOCATION MAP

 output                                  attributes/
section   page    origin      length       input sections
--------  ----  ----------  ----------   ----------------
.intvecs   0    00000000    0000026c     
                  00000000    0000026c     tm4c123gh6pm_startup_ccs.obj (.intvecs)

.text      0    0000026c    000008f2     
                  0000026c    000001d8     main.obj (.text)
                  00000444    00000132     driverlib.lib : gpio.obj (.text:GPIOPadConfigSet)
                  00000576    00000002     --HOLE-- [fill = 0]
                  00000578    00000110                   : sysctl.obj (.text:SysCtlClockGet)
                  00000688    000000f4                   : sysctl.obj (.text:SysCtlClockSet)
                  0000077c    0000009c     rtsv7M4_T_le_v4SPD16_eabi.lib : memcpy_t2.asm.obj (.text)
                  00000818    00000068     driverlib.lib : interrupt.obj (.text:IntEnable)
                  00000880    00000068     rtsv7M4_T_le_v4SPD16_eabi.lib : copy_decompress_lzss.c.obj (.text:decompress:lzss:__TI_decompress_lzss)
                  000008e8    00000048     driverlib.lib : gpio.obj (.text:GPIOPinConfigure)
                  00000930    00000046                   : uart.obj (.text:UARTConfigSetExpClk)
                  00000976    00000002     --HOLE-- [fill = 0]
                  00000978    00000044     rtsv7M4_T_le_v4SPD16_eabi.lib : autoinit.c.obj (.text:__TI_auto_init_nobinit_nopinit:__TI_auto_init_nobinit_nopinit)
                  000009bc    00000034     driverlib.lib : sysctl.obj (.text:SysCtlPeripheralEnable)
                  000009f0    00000034     rtsv7M4_T_le_v4SPD16_eabi.lib : boot_cortex_m.c.obj (.text:_c_int00_noargs:_c_int00_noargs)
                  00000a24    0000002a     driverlib.lib : gpio.obj (.text:GPIODirModeSet)
                  00000a4e    00000002     --HOLE-- [fill = 0]
                  00000a50    00000020                   : uart.obj (.text:UARTDisable)
                  00000a70    0000001c     rtsv7M4_T_le_v4SPD16_eabi.lib : copy_zero_init.c.obj (.text:decompress:ZI:__TI_zero_init_nomemset:__TI_zero_init_nomemset)
                  00000a8c    00000018     driverlib.lib : gpio.obj (.text:GPIOPinTypeGPIOOutput)
                  00000aa4    00000014                   : uart.obj (.text:UARTEnable)
                  00000ab8    00000012                   : gpio.obj (.text:GPIOPinTypeUART)
                  00000aca    00000010                   : interrupt.obj (.text:IntMasterEnable)
                  00000ada    0000000e                   : uart.obj (.text:UARTCharGetNonBlocking)
                  00000ae8    0000000e                   : uart.obj (.text:UARTCharPutNonBlocking)
                  00000af6    0000000e                   : uart.obj (.text:UARTCharsAvail)
                  00000b04    0000000e     rtsv7M4_T_le_v4SPD16_eabi.lib : copy_decompress_none.c.obj (.text:decompress:none:__TI_decompress_none)
                  00000b12    0000000c     driverlib.lib : cpu.obj (.text:CPUcpsie)
                  00000b1e    0000000c     tm4c123gh6pm_startup_ccs.obj (.text)
                  00000b2a    0000000a     driverlib.lib : uart.obj (.text:UARTCharPut)
                  00000b34    0000000a                   : uart.obj (.text:UARTIntStatus)
                  00000b3e    00000008                   : uart.obj (.text:UARTIntEnable)
                  00000b46    00000006                   : gpio.obj (.text:GPIOPinWrite)
                  00000b4c    00000006                   : sysctl.obj (.text:SysCtlDelay)
                  00000b52    00000004                   : uart.obj (.text:UARTIntClear)
                  00000b56    00000004     rtsv7M4_T_le_v4SPD16_eabi.lib : pre_init.c.obj (.text:_system_pre_init)
                  00000b5a    00000004                                   : exit.c.obj (.text:abort:abort)

.const     0    00000b60    0000016c     
                  00000b60    00000090     driverlib.lib : gpio.obj (.const:g_pui32GPIOBaseAddrs)
                  00000bf0    00000070                   : interrupt.obj (.const)
                  00000c60    0000006c                   : sysctl.obj (.const:g_pui32Xtals)

.cinit     0    00000cd0    00000030     
                  00000cd0    0000000c     (__TI_handler_table)
                  00000cdc    0000000b     (.cinit..data.load) [load image, compression = lzss]
                  00000ce7    00000001     --HOLE-- [fill = 0]
                  00000ce8    00000008     (.cinit..bss.load) [load image, compression = zero_init]
                  00000cf0    00000010     (__TI_cinit_table)

.init_array 
*          0    00000000    00000000     UNINITIALIZED

.data      0    20000200    0000000c     UNINITIALIZED
                  20000200    0000000c     main.obj (.data)

.bss       0    2000020c    00000004     UNINITIALIZED
                  2000020c    00000004     (.common:name_array)

.stack     0    20000000    00000200     UNINITIALIZED
                  20000000    00000004     rtsv7M4_T_le_v4SPD16_eabi.lib : boot_cortex_m.c.obj (.stack)
                  20000004    000001fc     --HOLE--

__llvm_prf_cnts 
*          0    20000000    00000000     UNINITIALIZED

MODULE SUMMARY

       Module                         code   ro data   rw data
       ------                         ----   -------   -------
    .\
       tm4c123gh6pm_startup_ccs.obj   12     620       0      
       main.obj                       472    0         16     
    +--+------------------------------+------+---------+---------+
       Total:                         484    620       16     
                                                              
    C:/ti/driverlib.lib
       sysctl.obj                     574    108       0      
       gpio.obj                       468    144       0      
       interrupt.obj                  120    112       0      
       uart.obj                       196    0         0      
       cpu.obj                        12     0         0      
    +--+------------------------------+------+---------+---------+
       Total:                         1370   364       0      
                                                              
    C:\ti\ccs1040\ccs\tools\compiler\ti-cgt-arm_20.2.5.LTS\lib\rtsv7M4_T_le_v4SPD16_eabi.lib
       memcpy_t2.asm.obj              156    0         0      
       copy_decompress_lzss.c.obj     104    0         0      
       autoinit.c.obj                 68     0         0      
       boot_cortex_m.c.obj            52     0         0      
       copy_zero_init.c.obj           28     0         0      
       copy_decompress_none.c.obj     14     0         0      
       exit.c.obj                     4      0         0      
       pre_init.c.obj                 4      0         0      
    +--+------------------------------+------+---------+---------+
       Total:                         430    0         0      
                                                              
       Stack:                         0      0         512    
       Linker Generated:              0      47        0      
    +--+------------------------------+------+---------+---------+
       Grand Total:                   2284   1031      528    


LINKER GENERATED COPY TABLES

__TI_cinit_table @ 00000cf0 records: 2, size/record: 8, table size: 16
	.data: load addr=00000cdc, load size=0000000b bytes, run addr=20000200, run size=0000000c bytes, compression=lzss
	.bss: load addr=00000ce8, load size=00000008 bytes, run addr=2000020c, run size=00000004 bytes, compression=zero_init


LINKER GENERATED HANDLER TABLE

__TI_handler_table @ 00000cd0 records: 3, size/record: 4, table size: 12
	index: 0, handler: __TI_decompress_lzss
	index: 1, handler: __TI_decompress_none
	index: 2, handler: __TI_zero_init


GLOBAL SYMBOLS: SORTED ALPHABETICALLY BY Name 

address   name                          
-------   ----                          
00000b5b  C$$EXIT                       
00000b13  CPUcpsie                      
00000a25  GPIODirModeSet                
00000445  GPIOPadConfigSet              
000008e9  GPIOPinConfigure              
00000a8d  GPIOPinTypeGPIOOutput         
00000ab9  GPIOPinTypeUART               
00000b47  GPIOPinWrite                  
00000819  IntEnable                     
00000acb  IntMasterEnable               
00000b1f  ResetISR                      
00000579  SysCtlClockGet                
00000689  SysCtlClockSet                
00000b4d  SysCtlDelay                   
000009bd  SysCtlPeripheralEnable        
00000adb  UARTCharGetNonBlocking        
00000b2b  UARTCharPut                   
00000ae9  UARTCharPutNonBlocking        
00000af7  UARTCharsAvail                
00000931  UARTConfigSetExpClk           
00000a51  UARTDisable                   
00000aa5  UARTEnable                    
00000b53  UARTIntClear                  
00000b3f  UARTIntEnable                 
0000032d  UARTIntHandler                
00000b35  UARTIntStatus                 
20000200  __STACK_END                   
00000200  __STACK_SIZE                  
20000200  __STACK_TOP                   
00000cf0  __TI_CINIT_Base               
00000d00  __TI_CINIT_Limit              
00000cd0  __TI_Handler_Table_Base       
00000cdc  __TI_Handler_Table_Limit      
00000979  __TI_auto_init_nobinit_nopinit
00000881  __TI_decompress_lzss          
00000b05  __TI_decompress_none          
ffffffff  __TI_pprof_out_hndl           
ffffffff  __TI_prof_data_size           
ffffffff  __TI_prof_data_start          
00000000  __TI_static_base__            
00000a71  __TI_zero_init_nomemset       
0000077d  __aeabi_memcpy                
0000077d  __aeabi_memcpy4               
0000077d  __aeabi_memcpy8               
ffffffff  __binit__                     
ffffffff  __c_args__                    
UNDEFED   __mpu_init                    
20000000  __stack                       
20000000  __start___llvm_prf_cnts       
20000000  __stop___llvm_prf_cnts        
000009f1  _c_int00_noargs               
UNDEFED   _system_post_cinit            
00000b57  _system_pre_init              
00000b5b  abort                         
ffffffff  binit                         
00000000  g_pfnVectors                  
20000200  input                         
20000208  j                             
0000026d  main                          
0000077d  memcpy                        
20000204  n                             
2000020c  name_array                    


GLOBAL SYMBOLS: SORTED BY Symbol Address 

address   name                          
-------   ----                          
00000000  __TI_static_base__            
00000000  g_pfnVectors                  
00000200  __STACK_SIZE                  
0000026d  main                          
0000032d  UARTIntHandler                
00000445  GPIOPadConfigSet              
00000579  SysCtlClockGet                
00000689  SysCtlClockSet                
0000077d  __aeabi_memcpy                
0000077d  __aeabi_memcpy4               
0000077d  __aeabi_memcpy8               
0000077d  memcpy                        
00000819  IntEnable                     
00000881  __TI_decompress_lzss          
000008e9  GPIOPinConfigure              
00000931  UARTConfigSetExpClk           
00000979  __TI_auto_init_nobinit_nopinit
000009bd  SysCtlPeripheralEnable        
000009f1  _c_int00_noargs               
00000a25  GPIODirModeSet                
00000a51  UARTDisable                   
00000a71  __TI_zero_init_nomemset       
00000a8d  GPIOPinTypeGPIOOutput         
00000aa5  UARTEnable                    
00000ab9  GPIOPinTypeUART               
00000acb  IntMasterEnable               
00000adb  UARTCharGetNonBlocking        
00000ae9  UARTCharPutNonBlocking        
00000af7  UARTCharsAvail                
00000b05  __TI_decompress_none          
00000b13  CPUcpsie                      
00000b1f  ResetISR                      
00000b2b  UARTCharPut                   
00000b35  UARTIntStatus                 
00000b3f  UARTIntEnable                 
00000b47  GPIOPinWrite                  
00000b4d  SysCtlDelay                   
00000b53  UARTIntClear                  
00000b57  _system_pre_init              
00000b5b  C$$EXIT                       
00000b5b  abort                         
00000cd0  __TI_Handler_Table_Base       
00000cdc  __TI_Handler_Table_Limit      
00000cf0  __TI_CINIT_Base               
00000d00  __TI_CINIT_Limit              
20000000  __stack                       
20000000  __start___llvm_prf_cnts       
20000000  __stop___llvm_prf_cnts        
20000200  __STACK_END                   
20000200  __STACK_TOP                   
20000200  input                         
20000204  n                             
20000208  j                             
2000020c  name_array                    
ffffffff  __TI_pprof_out_hndl           
ffffffff  __TI_prof_data_size           
ffffffff  __TI_prof_data_start          
ffffffff  __binit__                     
ffffffff  __c_args__                    
ffffffff  binit                         
UNDEFED   __mpu_init                    
UNDEFED   _system_post_cinit            

[62 symbols]
