******************************************************************************
                  TI ARM Linker PC v20.2.5                     
******************************************************************************
>> Linked Mon Nov 22 20:39:26 2021

OUTPUT FILE NAME:   <Project.out>
ENTRY POINT SYMBOL: "_c_int00_noinit_noargs"  address: 00000b6d


MEMORY CONFIGURATION

         name            origin    length      used     unused   attr    fill
----------------------  --------  ---------  --------  --------  ----  --------
  FLASH                 00000000   00040000  00000d5e  0003f2a2  R  X
  SRAM                  20000000   00008000  00000200  00007e00  RW X


SEGMENT ALLOCATION MAP

run origin  load origin   length   init length attrs members
----------  ----------- ---------- ----------- ----- -------
00000000    00000000    00000d60   00000d60    r-x
  00000000    00000000    0000026c   0000026c    r-- .intvecs
  0000026c    0000026c    000009f6   000009f6    r-x .text
  00000c64    00000c64    000000fc   000000fc    r-- .const
20000000    20000000    00000200   00000000    rw-
  20000000    20000000    00000200   00000000    rw- .stack


SECTION ALLOCATION MAP

 output                                  attributes/
section   page    origin      length       input sections
--------  ----  ----------  ----------   ----------------
.intvecs   0    00000000    0000026c     
                  00000000    0000026c     tm4c123gh6pm_startup_ccs.obj (.intvecs)

.text      0    0000026c    000009f6     
                  0000026c    00000504     main.obj (.text)
                  00000770    00000132     driverlib.lib : gpio.obj (.text:GPIOPadConfigSet)
                  000008a2    00000002     --HOLE-- [fill = 0]
                  000008a4    00000110                   : sysctl.obj (.text:SysCtlClockGet)
                  000009b4    000000f4                   : sysctl.obj (.text:SysCtlClockSet)
                  00000aa8    00000048                   : gpio.obj (.text:GPIOPinConfigure)
                  00000af0    00000046                   : uart.obj (.text:UARTConfigSetExpClk)
                  00000b36    00000002     --HOLE-- [fill = 0]
                  00000b38    00000034                   : sysctl.obj (.text:SysCtlPeripheralEnable)
                  00000b6c    0000002c     rtsv7M4_T_le_v4SPD16_eabi.lib : boot_cortex_m.c.obj (.text:_c_int00_noinit_noargs:_c_int00_noinit_noargs)
                  00000b98    0000002a     driverlib.lib : gpio.obj (.text:GPIODirModeSet)
                  00000bc2    00000002     --HOLE-- [fill = 0]
                  00000bc4    00000020                   : uart.obj (.text:UARTDisable)
                  00000be4    00000018                   : gpio.obj (.text:GPIOPinTypeGPIOOutput)
                  00000bfc    00000014                   : uart.obj (.text:UARTEnable)
                  00000c10    00000012                   : gpio.obj (.text:GPIOPinTypeGPIOInput)
                  00000c22    00000012                   : gpio.obj (.text:GPIOPinTypeUART)
                  00000c34    0000000c     tm4c123gh6pm_startup_ccs.obj (.text)
                  00000c40    0000000a     driverlib.lib : uart.obj (.text:UARTCharGet)
                  00000c4a    0000000a                   : uart.obj (.text:UARTCharPut)
                  00000c54    00000006                   : sysctl.obj (.text:SysCtlDelay)
                  00000c5a    00000004     rtsv7M4_T_le_v4SPD16_eabi.lib : pre_init.c.obj (.text:_system_pre_init)
                  00000c5e    00000004                                   : exit.c.obj (.text:abort:abort)

.const     0    00000c64    000000fc     
                  00000c64    00000090     driverlib.lib : gpio.obj (.const:g_pui32GPIOBaseAddrs)
                  00000cf4    0000006c                   : sysctl.obj (.const:g_pui32Xtals)

.cinit     0    00000000    00000000     UNINITIALIZED

.init_array 
*          0    00000000    00000000     UNINITIALIZED

.stack     0    20000000    00000200     UNINITIALIZED
                  20000000    00000004     rtsv7M4_T_le_v4SPD16_eabi.lib : boot_cortex_m.c.obj (.stack)
                  20000004    000001fc     --HOLE--

__llvm_prf_cnts 
*          0    20000000    00000000     UNINITIALIZED

MODULE SUMMARY

       Module                         code   ro data   rw data
       ------                         ----   -------   -------
    .\
       main.obj                       1284   0         0      
       tm4c123gh6pm_startup_ccs.obj   12     620       0      
    +--+------------------------------+------+---------+---------+
       Total:                         1296   620       0      
                                                              
    C:/ti/driverlib.lib
       sysctl.obj                     574    108       0      
       gpio.obj                       480    144       0      
       uart.obj                       142    0         0      
    +--+------------------------------+------+---------+---------+
       Total:                         1196   252       0      
                                                              
    C:\ti\ccs1040\ccs\tools\compiler\ti-cgt-arm_20.2.5.LTS\lib\rtsv7M4_T_le_v4SPD16_eabi.lib
       boot_cortex_m.c.obj            44     0         0      
       exit.c.obj                     4      0         0      
       pre_init.c.obj                 4      0         0      
    +--+------------------------------+------+---------+---------+
       Total:                         52     0         0      
                                                              
       Stack:                         0      0         512    
    +--+------------------------------+------+---------+---------+
       Grand Total:                   2544   872       512    


GLOBAL SYMBOLS: SORTED ALPHABETICALLY BY Name 

address   name                   
-------   ----                   
00000c5f  C$$EXIT                
00000b99  GPIODirModeSet         
00000771  GPIOPadConfigSet       
00000aa9  GPIOPinConfigure       
00000c11  GPIOPinTypeGPIOInput   
00000be5  GPIOPinTypeGPIOOutput  
00000c23  GPIOPinTypeUART        
00000c35  ResetISR               
000008a5  SysCtlClockGet         
000009b5  SysCtlClockSet         
00000c55  SysCtlDelay            
00000b39  SysCtlPeripheralEnable 
00000c41  UARTCharGet            
00000c4b  UARTCharPut            
00000af1  UARTConfigSetExpClk    
00000bc5  UARTDisable            
00000bfd  UARTEnable             
20000200  __STACK_END            
00000200  __STACK_SIZE           
20000200  __STACK_TOP            
ffffffff  __TI_pprof_out_hndl    
ffffffff  __TI_prof_data_size    
ffffffff  __TI_prof_data_start   
00000000  __TI_static_base__     
ffffffff  __binit__              
ffffffff  __c_args__             
UNDEFED   __mpu_init             
20000000  __stack                
20000000  __start___llvm_prf_cnts
20000000  __stop___llvm_prf_cnts 
00000b6d  _c_int00_noinit_noargs 
00000c5b  _system_pre_init       
00000c5f  abort                  
ffffffff  binit                  
00000385  delayMS                
00000000  g_pfnVectors           
0000026d  initSystem             
00000599  main                   
000003a1  print                  
000003c1  print1                 
000003e1  print7                 
00000401  putint                 
00000455  putint1                
000004a9  putint7                
000004fd  wait_for_base_ready    


GLOBAL SYMBOLS: SORTED BY Symbol Address 

address   name                   
-------   ----                   
00000000  __TI_static_base__     
00000000  g_pfnVectors           
00000200  __STACK_SIZE           
0000026d  initSystem             
00000385  delayMS                
000003a1  print                  
000003c1  print1                 
000003e1  print7                 
00000401  putint                 
00000455  putint1                
000004a9  putint7                
000004fd  wait_for_base_ready    
00000599  main                   
00000771  GPIOPadConfigSet       
000008a5  SysCtlClockGet         
000009b5  SysCtlClockSet         
00000aa9  GPIOPinConfigure       
00000af1  UARTConfigSetExpClk    
00000b39  SysCtlPeripheralEnable 
00000b6d  _c_int00_noinit_noargs 
00000b99  GPIODirModeSet         
00000bc5  UARTDisable            
00000be5  GPIOPinTypeGPIOOutput  
00000bfd  UARTEnable             
00000c11  GPIOPinTypeGPIOInput   
00000c23  GPIOPinTypeUART        
00000c35  ResetISR               
00000c41  UARTCharGet            
00000c4b  UARTCharPut            
00000c55  SysCtlDelay            
00000c5b  _system_pre_init       
00000c5f  C$$EXIT                
00000c5f  abort                  
20000000  __stack                
20000000  __start___llvm_prf_cnts
20000000  __stop___llvm_prf_cnts 
20000200  __STACK_END            
20000200  __STACK_TOP            
ffffffff  __TI_pprof_out_hndl    
ffffffff  __TI_prof_data_size    
ffffffff  __TI_prof_data_start   
ffffffff  __binit__              
ffffffff  __c_args__             
ffffffff  binit                  
UNDEFED   __mpu_init             

[45 symbols]
